2026-03-21 18:19:18 [INFO] alembic.runtime.plugins: setup plugin alembic.autogenerate.schemas
2026-03-21 18:19:18 [INFO] alembic.runtime.plugins: setup plugin alembic.autogenerate.tables
2026-03-21 18:19:18 [INFO] alembic.runtime.plugins: setup plugin alembic.autogenerate.types
2026-03-21 18:19:18 [INFO] alembic.runtime.plugins: setup plugin alembic.autogenerate.constraints
2026-03-21 18:19:18 [INFO] alembic.runtime.plugins: setup plugin alembic.autogenerate.defaults
2026-03-21 18:19:18 [INFO] alembic.runtime.plugins: setup plugin alembic.autogenerate.comments

--- DATABASE CONFIGURATION ---
   Provider: SQLITE
   Status: LOCAL (SQLite)
------------------------------

Traceback (most recent call last):
  File "D:\porjects\Interactive-Digital-Cultural-Map-and-Local-Tourism-Information-system-for-Mangatarem--Pangasinan\.venv\Lib\site-packages\sqlalchemy\engine\base.py", line 1967, in _exec_single_context
    self.dialect.do_execute(
  File "D:\porjects\Interactive-Digital-Cultural-Map-and-Local-Tourism-Information-system-for-Mangatarem--Pangasinan\.venv\Lib\site-packages\sqlalchemy\engine\default.py", line 952, in do_execute
    cursor.execute(statement, parameters)
sqlite3.OperationalError: no such column: ATTRACTION.latitude

The above exception was the direct cause of the following exception:

Traceback (most recent call last):
  File "D:\porjects\Interactive-Digital-Cultural-Map-and-Local-Tourism-Information-system-for-Mangatarem--Pangasinan\app.py", line 228, in <module>
    app = create_app()
          ^^^^^^^^^^^^
  File "D:\porjects\Interactive-Digital-Cultural-Map-and-Local-Tourism-Information-system-for-Mangatarem--Pangasinan\app.py", line 89, in create_app
    _seed_database(app)
  File "D:\porjects\Interactive-Digital-Cultural-Map-and-Local-Tourism-Information-system-for-Mangatarem--Pangasinan\app.py", line 201, in _seed_database
    if Attraction.query.first() is not None:
       ^^^^^^^^^^^^^^^^^^^^^^^^
  File "D:\porjects\Interactive-Digital-Cultural-Map-and-Local-Tourism-Information-system-for-Mangatarem--Pangasinan\.venv\Lib\site-packages\sqlalchemy\orm\query.py", line 2759, in first
    return self.limit(1)._iter().first()  # type: ignore
           ^^^^^^^^^^^^^^^^^^^^^
  File "D:\porjects\Interactive-Digital-Cultural-Map-and-Local-Tourism-Information-system-for-Mangatarem--Pangasinan\.venv\Lib\site-packages\sqlalchemy\orm\query.py", line 2857, in _iter
    result: Union[ScalarResult[_T], Result[_T]] = self.session.execute(
                                                  ^^^^^^^^^^^^^^^^^^^^^
  File "D:\porjects\Interactive-Digital-Cultural-Map-and-Local-Tourism-Information-system-for-Mangatarem--Pangasinan\.venv\Lib\site-packages\sqlalchemy\orm\session.py", line 2351, in execute
    return self._execute_internal(
           ^^^^^^^^^^^^^^^^^^^^^^^
  File "D:\porjects\Interactive-Digital-Cultural-Map-and-Local-Tourism-Information-system-for-Mangatarem--Pangasinan\.venv\Lib\site-packages\sqlalchemy\orm\session.py", line 2249, in _execute_internal
    result: Result[Any] = compile_state_cls.orm_execute_statement(
                          ^^^^^^^^^^^^^^^^^^^^^^^^^^^^^^^^^^^^^^^^
  File "D:\porjects\Interactive-Digital-Cultural-Map-and-Local-Tourism-Information-system-for-Mangatarem--Pangasinan\.venv\Lib\site-packages\sqlalchemy\orm\context.py", line 306, in orm_execute_statement
    result = conn.execute(
             ^^^^^^^^^^^^^
  File "D:\porjects\Interactive-Digital-Cultural-Map-and-Local-Tourism-Information-system-for-Mangatarem--Pangasinan\.venv\Lib\site-packages\sqlalchemy\engine\base.py", line 1419, in execute
    return meth(
           ^^^^^
  File "D:\porjects\Interactive-Digital-Cultural-Map-and-Local-Tourism-Information-system-for-Mangatarem--Pangasinan\.venv\Lib\site-packages\sqlalchemy\sql\elements.py", line 527, in _execute_on_connection
    return connection._execute_clauseelement(
           ^^^^^^^^^^^^^^^^^^^^^^^^^^^^^^^^^^
  File "D:\porjects\Interactive-Digital-Cultural-Map-and-Local-Tourism-Information-system-for-Mangatarem--Pangasinan\.venv\Lib\site-packages\sqlalchemy\engine\base.py", line 1641, in _execute_clauseelement
    ret = self._execute_context(
          ^^^^^^^^^^^^^^^^^^^^^^
  File "D:\porjects\Interactive-Digital-Cultural-Map-and-Local-Tourism-Information-system-for-Mangatarem--Pangasinan\.venv\Lib\site-packages\sqlalchemy\engine\base.py", line 1846, in _execute_context
    return self._exec_single_context(
           ^^^^^^^^^^^^^^^^^^^^^^^^^^
  File "D:\porjects\Interactive-Digital-Cultural-Map-and-Local-Tourism-Information-system-for-Mangatarem--Pangasinan\.venv\Lib\site-packages\sqlalchemy\engine\base.py", line 1986, in _exec_single_context
    self._handle_dbapi_exception(
  File "D:\porjects\Interactive-Digital-Cultural-Map-and-Local-Tourism-Information-system-for-Mangatarem--Pangasinan\.venv\Lib\site-packages\sqlalchemy\engine\base.py", line 2363, in _handle_dbapi_exception
    raise sqlalchemy_exception.with_traceback(exc_info[2]) from e
  File "D:\porjects\Interactive-Digital-Cultural-Map-and-Local-Tourism-Information-system-for-Mangatarem--Pangasinan\.venv\Lib\site-packages\sqlalchemy\engine\base.py", line 1967, in _exec_single_context
    self.dialect.do_execute(
  File "D:\porjects\Interactive-Digital-Cultural-Map-and-Local-Tourism-Information-system-for-Mangatarem--Pangasinan\.venv\Lib\site-packages\sqlalchemy\engine\default.py", line 952, in do_execute
    cursor.execute(statement, parameters)
sqlalchemy.exc.OperationalError: (sqlite3.OperationalError) no such column: ATTRACTION.latitude
[SQL: SELECT "ATTRACTION".id AS "ATTRACTION_id", "ATTRACTION".name AS "ATTRACTION_name", "ATTRACTION".description AS "ATTRACTION_description", "ATTRACTION".category AS "ATTRACTION_category", "ATTRACTION".latitude AS "ATTRACTION_latitude", "ATTRACTION".longitude AS "ATTRACTION_longitude", "ATTRACTION".image_url AS "ATTRACTION_image_url", "ATTRACTION".barangay_id AS "ATTRACTION_barangay_id", "ATTRACTION".heritage_profile_id AS "ATTRACTION_heritage_profile_id", "ATTRACTION".status AS "ATTRACTION_status", "ATTRACTION".user_id AS "ATTRACTION_user_id", "ATTRACTION".created_at AS "ATTRACTION_created_at" 
FROM "ATTRACTION"
 LIMIT ? OFFSET ?]
[parameters: (1, 0)]
(Background on this error at: https://sqlalche.me/e/20/e3q8)
