2026-03-21 20:04:46,923 - INFO - ============================================================
2026-03-21 20:04:46,924 - INFO - Mangatarem Cultural Heritage - Schema Verification
2026-03-21 20:04:46,924 - INFO - ============================================================
2026-03-21 20:04:46,924 - INFO - Database type: postgresql
2026-03-21 20:04:46,924 - INFO - Expected tables: 19
2026-03-21 20:04:46,924 - INFO - Skipped tables: 2 (attractions, events)
2026-03-21 20:04:46,924 - INFO - ============================================================
2026-03-21 20:04:47,769 - INFO - \u2713 _migrations table exists
2026-03-21 20:04:47,810 - INFO - Applied migrations: 0
2026-03-21 20:04:47,911 - ERROR - \u2717 Missing table: PASSWORD_RESET_TOKEN
2026-03-21 20:04:47,911 - ERROR - \u2717 Missing table: HERITAGE_PROFILE
2026-03-21 20:04:47,911 - ERROR - \u2717 Missing table: ATTRACTION
2026-03-21 20:04:47,911 - ERROR - \u2717 Missing table: EVENT
2026-03-21 20:04:47,911 - ERROR - \u2717 Missing table: GALLERY_ITEM
2026-03-21 20:04:47,911 - ERROR - \u2717 Missing table: BARANGAY_INFO
2026-03-21 20:04:47,911 - ERROR - \u2717 Missing table: ANALYTICS_PAGE_VIEW
2026-03-21 20:04:47,911 - ERROR - \u2717 Missing table: USER_FAVORITE_ATTRACTION
2026-03-21 20:04:47,921 - ERROR - \u2717 Missing table: USER_EVENT_INTEREST
2026-03-21 20:04:47,921 - ERROR - \u2717 Missing table: ATTRACTION_REVIEW
2026-03-21 20:04:47,921 - ERROR - \u2717 Missing table: NEWSLETTER_SUBSCRIBER
2026-03-21 20:04:47,921 - ERROR - \u2717 Missing table: BUILT_HERITAGE_DETAIL
2026-03-21 20:04:47,921 - ERROR - \u2717 Missing table: NATURAL_HERITAGE
2026-03-21 20:04:47,921 - ERROR - \u2717 Missing table: MOVABLE_HERITAGE_DETAIL
2026-03-21 20:04:47,921 - ERROR - \u2717 Missing table: INTANGIBLE_HERITAGE_DETAIL
2026-03-21 20:04:47,921 - ERROR - \u2717 Missing table: PERSONALITY_DETAIL
2026-03-21 20:04:47,921 - ERROR - \u2717 Missing table: INSTITUTION_DETAIL
2026-03-21 20:04:47,921 - ERROR - \u2717 Missing table: LGU_PROGRAM_DETAIL
2026-03-21 20:04:47,921 - INFO - ============================================================
2026-03-21 20:04:47,921 - ERROR - \u2717 Schema verification FAILED
2026-03-21 20:04:47,921 - ERROR -   Missing tables: ['PASSWORD_RESET_TOKEN', 'HERITAGE_PROFILE', 'ATTRACTION', 'EVENT', 'GALLERY_ITEM', 'BARANGAY_INFO', 'ANALYTICS_PAGE_VIEW', 'USER_FAVORITE_ATTRACTION', 'USER_EVENT_INTEREST', 'ATTRACTION_REVIEW', 'NEWSLETTER_SUBSCRIBER', 'BUILT_HERITAGE_DETAIL', 'NATURAL_HERITAGE', 'MOVABLE_HERITAGE_DETAIL', 'INTANGIBLE_HERITAGE_DETAIL', 'PERSONALITY_DETAIL', 'INSTITUTION_DETAIL', 'LGU_PROGRAM_DETAIL']
2026-03-21 20:04:47,921 - INFO - ============================================================
